HTTP/1.1 400 Bad Request
Content-Type: application/json

{
    "error": "externalId must be of type ?string, float given."
}
