HTTP/1.1 200 OK
Content-Type: application/json

[
    {
        "id": 1,
        "name": "",
        "startDate": "2023-02-28T19:59:24Z",
        "endDate": "2024-02-29T19:59:24Z",
        "duration": 366,
        "durationUnit": "DAYS",
        "color": null,
        "externalId": null,
        "status": "NEW"
    }
]
