HTTP/1.1 200 OK
Content-Type: application/json

[
    {
        "id": 1,
        "name": "",
        "startDate": "2023-02-28T19:59:24Z",
        "endDate": null,
        "duration": null,
        "durationUnit": "WEEKS",
        "color": null,
        "externalId": null,
        "status": "NEW"
    }
]
