HTTP/1.1 400 Bad Request
Content-Type: application/json

{
    "error": "startDate must be of type string, null given."
}
